// Jest Snapshot v1, https://goo.gl/fbAQLP

exports[`app::components::Main should render properly 1`] = `
<main
  class="main"
>
  <div
    class="wrapper"
  >
    <span>
      child
    </span>
  </div>
</main>
`;
