// Jest Snapshot v1, https://goo.gl/fbAQLP

exports[`app::components::Logo should render a logo 1`] = `
<img
  alt="No logo yet :)"
  class="inline-block"
  src="https://via.placeholder.com/150x50?text=put+logo+here"
  title="No logo yet :)"
/>
`;
